// Jest Snapshot v1, https://goo.gl/fbAQLP

exports[`Lighter Representation matches snapshot 1`] = `
<div
  className="card-body p-0"
>
  <div
    id="light_tree"
  />
</div>
`;
