// Jest Snapshot v1, https://goo.gl/fbAQLP

exports[`Tree Representation loading matches snapshot 1`] = `
<div
  className="row"
>
  <div
    className="col"
  >
    <img
      alt="Loading..."
      src="test-file-stub"
      style={
        Object {
          "display": "block",
          "margin": "auto",
          "width": "200px",
        }
      }
    />
  </div>
</div>
`;
